// Jest Snapshot v1, https://goo.gl/fbAQLP

exports[`Login.test.js has the expected html structure 1`] = `<!---->`;
